---
source: core/tests/suite/compact_remote.rs
expression: "format_labeled_requests_snapshot(\"After a prior manual /compact produced an older remote compaction item, the next turn hits remote auto-compaction before the next sampling request. The compact request carries forward that earlier compaction item, and the next sampling request shows the latest compaction item with context reinjected before USER_TWO.\",\n&[(\"Remote Compaction Request\", &compact_request),\n(\"Second Turn Request (After Compaction)\", &second_turn_request),])"
---
Scenario: After a prior manual /compact produced an older remote compaction item, the next turn hits remote auto-compaction before the next sampling request. The compact request carries forward that earlier compaction item, and the next sampling request shows the latest compaction item with context reinjected before USER_TWO.

## Remote Compaction Request
00:message/user:USER_ONE
01:compaction:encrypted=true

## Second Turn Request (After Compaction)
00:message/user:USER_ONE
01:compaction:encrypted=true
02:message/developer[2]:
    [01] # You are the Root Agent\n\nYou are the **root agent** in a mult...
    [02] <PERMISSIONS_INSTRUCTIONS>
03:message/developer:You are `/root`, the primary agent in a team of agents collabora...
04:message/developer:<multi_agent_mode>Proactive multi-agent delegation is active. An...
05:message/user:<ENVIRONMENT_CONTEXT:cwd=<CWD>>
06:message/user:USER_TWO
