---
source: core/tests/suite/compact_remote.rs
expression: "format_labeled_requests_snapshot(\"Remote pre-turn auto-compaction with a context override emits the context diff in the compact request while excluding the incoming user message.\",\n&[(\"Remote Compaction Request\", &compact_request),\n(\"Remote Post-Compaction History Layout\", &requests[2]),])"
---
Scenario: Remote pre-turn auto-compaction with a context override emits the context diff in the compact request while excluding the incoming user message.

## Remote Compaction Request
00:message/developer[2]:
    [01] # You are the Root Agent\n\nYou are the **root agent** in a mult...
    [02] <PERMISSIONS_INSTRUCTIONS>
01:message/developer:You are `/root`, the primary agent in a team of agents collabora...
02:message/developer:<multi_agent_mode>Proactive multi-agent delegation is active. An...
03:message/user:<ENVIRONMENT_CONTEXT:cwd=<CWD>>
04:message/user:USER_ONE
05:message/assistant:REMOTE_FIRST_REPLY
06:message/user:USER_TWO
07:message/assistant:REMOTE_SECOND_REPLY

## Remote Post-Compaction History Layout
00:message/user:USER_ONE
01:message/user:USER_TWO
02:compaction:encrypted=true
03:message/developer[2]:
    [01] # You are the Root Agent\n\nYou are the **root agent** in a mult...
    [02] <PERMISSIONS_INSTRUCTIONS>
04:message/developer:You are `/root`, the primary agent in a team of agents collabora...
05:message/developer:<multi_agent_mode>Proactive multi-agent delegation is active. An...
06:message/user:<ENVIRONMENT_CONTEXT:cwd=PRETURN_CONTEXT_DIFF_CWD>
07:message/user:USER_THREE
