---
source: core/tests/suite/compact_remote.rs
expression: "format_labeled_requests_snapshot(\"Remote manual /compact while realtime remains active: the next regular turn restates realtime-start instructions after compaction clears the baseline.\",\n&[(\"Remote Compaction Request\", &compact_request),\n(\"Remote Post-Compaction History Layout\", post_compact_request),])"
---
Scenario: Remote manual /compact while realtime remains active: the next regular turn restates realtime-start instructions after compaction clears the baseline.

## Remote Compaction Request
00:message/developer[3]:
    [01] # You are the Root Agent\n\nYou are the **root agent** in a mult...
    [02] <realtime_conversation>\nRealtime conversation started.\n\nYou a...
    [03] <PERMISSIONS_INSTRUCTIONS>
01:message/developer:You are `/root`, the primary agent in a team of agents collabora...
02:message/developer:<multi_agent_mode>Proactive multi-agent delegation is active. An...
03:message/user:<ENVIRONMENT_CONTEXT:cwd=<CWD>>
04:message/user:USER_ONE
05:message/assistant:REMOTE_FIRST_REPLY

## Remote Post-Compaction History Layout
00:compaction:encrypted=true
01:message/developer[3]:
    [01] # You are the Root Agent\n\nYou are the **root agent** in a mult...
    [02] <realtime_conversation>\nRealtime conversation started.\n\nYou a...
    [03] <PERMISSIONS_INSTRUCTIONS>
02:message/developer:You are `/root`, the primary agent in a team of agents collabora...
03:message/developer:<multi_agent_mode>Proactive multi-agent delegation is active. An...
04:message/user:<ENVIRONMENT_CONTEXT:cwd=<CWD>>
05:message/user:USER_TWO
