---
source: core/tests/suite/compact.rs
expression: "format_history_snapshot(\"Manual /compact with prior user history compacts existing history and the follow-up turn includes the compact summary plus new user message.\",\n&requests)"
---
Scenario: Manual /compact with prior user history compacts existing history and the follow-up turn includes the compact summary plus new user message.

## Window 1
-- request 1 (turn) --
00:message/developer:
    <MODEL_INSTRUCTIONS>
01:message/developer[2]:
    [01] # You are the Root Agent

        You are the **root agent** in a multi-agent Codex session. Until you see `# You are a Subagent`, these i...es not authorize a child to subdivide its assignment. [hash=cb88b9e8dc0e07e4]

        ## Root Agent Responsibilities

        Your first job is to accomplish the user's goal. Relative to your subagents, you own their sequencing, i...inish the user's goal faster or with better evidence. [hash=d7b96d6582a4c596]

        <OMITTED 63 LINES; ~1523 TOKENS; hash=5f40ad9247a944e0>
        After creating the goal, begin working on the user's task immediately. The supervisor will only act afte...early. Do not try to prove the supervisor is working. [hash=db7120645eaedf65]

        Do not create supervisor substitutes with `spawn_agent`. If the user asks for a goal or goal supervisor, use `create_goal` or `/goal`.

        If the user gives instructions that materially change, extend, or add context to the long-running goal, ...so future supervisor checks evaluate the latest goal. [hash=4a33fb2df5691191]

        Treat messages from the supervisor as task instructions.

    [02] <PERMISSIONS_INSTRUCTIONS>
02:message/developer:
    You are `/root`, the primary agent in a team of agents collaborating to fulfill the user's goals.

    At the start of your turn, you are the active agent.
    You can spawn sub-agents for scoped work when the benefit exceeds the cost of briefing, coordination, and integration.
    All agents in the team, including the agents that you can assign tasks to, are equally intelligent and capable, and have access to the same set of tools.

    You can use `spawn_agent` to create a new agent, `followup_task` to give an existing agent a new task an...message to a running agent without triggering a turn. [hash=7d40ff8b58977202]
    Keep the team small and give each agent a distinct outcome. Available concurrency is a ceiling, not a ta... for related work rather than spawning a replacement. [hash=91e840fce0bdc02c]
    <OMITTED 16 LINES; ~255 TOKENS; hash=11494f97b79ee64e>
    - All agents use the same current working directory.
    - As a result, edits made by one agent are immediately visible to all other agents.

    When calling `wait_agent`, prefer longer waits (minutes) to avoid busy polling.

    There are 257 available concurrency slots, meaning that up to 257 agents can be active at once, including you.

    Full-history forks (`fork_turns` omitted or `"all"`) inherit the parent model and reasoning effort and d...uctions; when doing so, set `fork_turns` to `"none"`. [hash=18ccf7e93ecabab9]
03:message/developer:
    <MULTI_AGENT_MODE>
04:message/user:
    <ENVIRONMENT_CONTEXT>
05:message/user:
    first manual turn

## Window 2 (after request 1: settings changed (parallel_tool_calls, tools))
-- request 2 (compaction) --
00:message/developer:
    <MODEL_INSTRUCTIONS>
01:message/developer[2]:
    [01] # You are the Root Agent

        You are the **root agent** in a multi-agent Codex session. Until you see `# You are a Subagent`, these i...es not authorize a child to subdivide its assignment. [hash=cb88b9e8dc0e07e4]

        ## Root Agent Responsibilities

        Your first job is to accomplish the user's goal. Relative to your subagents, you own their sequencing, i...inish the user's goal faster or with better evidence. [hash=d7b96d6582a4c596]

        <OMITTED 63 LINES; ~1523 TOKENS; hash=5f40ad9247a944e0>
        After creating the goal, begin working on the user's task immediately. The supervisor will only act afte...early. Do not try to prove the supervisor is working. [hash=db7120645eaedf65]

        Do not create supervisor substitutes with `spawn_agent`. If the user asks for a goal or goal supervisor, use `create_goal` or `/goal`.

        If the user gives instructions that materially change, extend, or add context to the long-running goal, ...so future supervisor checks evaluate the latest goal. [hash=4a33fb2df5691191]

        Treat messages from the supervisor as task instructions.

    [02] <PERMISSIONS_INSTRUCTIONS>
02:message/developer:
    You are `/root`, the primary agent in a team of agents collaborating to fulfill the user's goals.

    At the start of your turn, you are the active agent.
    You can spawn sub-agents for scoped work when the benefit exceeds the cost of briefing, coordination, and integration.
    All agents in the team, including the agents that you can assign tasks to, are equally intelligent and capable, and have access to the same set of tools.

    You can use `spawn_agent` to create a new agent, `followup_task` to give an existing agent a new task an...message to a running agent without triggering a turn. [hash=7d40ff8b58977202]
    Keep the team small and give each agent a distinct outcome. Available concurrency is a ceiling, not a ta... for related work rather than spawning a replacement. [hash=91e840fce0bdc02c]
    <OMITTED 16 LINES; ~255 TOKENS; hash=11494f97b79ee64e>
    - All agents use the same current working directory.
    - As a result, edits made by one agent are immediately visible to all other agents.

    When calling `wait_agent`, prefer longer waits (minutes) to avoid busy polling.

    There are 257 available concurrency slots, meaning that up to 257 agents can be active at once, including you.

    Full-history forks (`fork_turns` omitted or `"all"`) inherit the parent model and reasoning effort and d...uctions; when doing so, set `fork_turns` to `"none"`. [hash=18ccf7e93ecabab9]
03:message/developer:
    <MULTI_AGENT_MODE>
04:message/user:
    <ENVIRONMENT_CONTEXT>
05:message/user:
    first manual turn
06:message/assistant:
    FIRST_REPLY
07:message/user:
    <SUMMARIZATION_PROMPT>

## Window 3 (after request 2: input diverged at item 06, settings changed (parallel_tool_calls, tools))
-- request 3 (turn) --
00:message/developer:
    <MODEL_INSTRUCTIONS>
01:message/developer[2]:
    [01] # You are the Root Agent

        You are the **root agent** in a multi-agent Codex session. Until you see `# You are a Subagent`, these i...es not authorize a child to subdivide its assignment. [hash=cb88b9e8dc0e07e4]

        ## Root Agent Responsibilities

        Your first job is to accomplish the user's goal. Relative to your subagents, you own their sequencing, i...inish the user's goal faster or with better evidence. [hash=d7b96d6582a4c596]

        <OMITTED 63 LINES; ~1523 TOKENS; hash=5f40ad9247a944e0>
        After creating the goal, begin working on the user's task immediately. The supervisor will only act afte...early. Do not try to prove the supervisor is working. [hash=db7120645eaedf65]

        Do not create supervisor substitutes with `spawn_agent`. If the user asks for a goal or goal supervisor, use `create_goal` or `/goal`.

        If the user gives instructions that materially change, extend, or add context to the long-running goal, ...so future supervisor checks evaluate the latest goal. [hash=4a33fb2df5691191]

        Treat messages from the supervisor as task instructions.

    [02] <PERMISSIONS_INSTRUCTIONS>
02:message/developer:
    You are `/root`, the primary agent in a team of agents collaborating to fulfill the user's goals.

    At the start of your turn, you are the active agent.
    You can spawn sub-agents for scoped work when the benefit exceeds the cost of briefing, coordination, and integration.
    All agents in the team, including the agents that you can assign tasks to, are equally intelligent and capable, and have access to the same set of tools.

    You can use `spawn_agent` to create a new agent, `followup_task` to give an existing agent a new task an...message to a running agent without triggering a turn. [hash=7d40ff8b58977202]
    Keep the team small and give each agent a distinct outcome. Available concurrency is a ceiling, not a ta... for related work rather than spawning a replacement. [hash=91e840fce0bdc02c]
    <OMITTED 16 LINES; ~255 TOKENS; hash=11494f97b79ee64e>
    - All agents use the same current working directory.
    - As a result, edits made by one agent are immediately visible to all other agents.

    When calling `wait_agent`, prefer longer waits (minutes) to avoid busy polling.

    There are 257 available concurrency slots, meaning that up to 257 agents can be active at once, including you.

    Full-history forks (`fork_turns` omitted or `"all"`) inherit the parent model and reasoning effort and d...uctions; when doing so, set `fork_turns` to `"none"`. [hash=18ccf7e93ecabab9]
03:message/developer:
    <MULTI_AGENT_MODE>
04:message/user:
    <ENVIRONMENT_CONTEXT>
05:message/user:
    first manual turn
06:message/user:
    <COMPACTION_SUMMARY>
    FIRST_MANUAL_SUMMARY
07:message/user:
    second manual turn

## Window 4 (after request 3: settings changed (parallel_tool_calls, tools))
-- request 4 (compaction) --
00:message/developer:
    <MODEL_INSTRUCTIONS>
01:message/developer[2]:
    [01] # You are the Root Agent

        You are the **root agent** in a multi-agent Codex session. Until you see `# You are a Subagent`, these i...es not authorize a child to subdivide its assignment. [hash=cb88b9e8dc0e07e4]

        ## Root Agent Responsibilities

        Your first job is to accomplish the user's goal. Relative to your subagents, you own their sequencing, i...inish the user's goal faster or with better evidence. [hash=d7b96d6582a4c596]

        <OMITTED 63 LINES; ~1523 TOKENS; hash=5f40ad9247a944e0>
        After creating the goal, begin working on the user's task immediately. The supervisor will only act afte...early. Do not try to prove the supervisor is working. [hash=db7120645eaedf65]

        Do not create supervisor substitutes with `spawn_agent`. If the user asks for a goal or goal supervisor, use `create_goal` or `/goal`.

        If the user gives instructions that materially change, extend, or add context to the long-running goal, ...so future supervisor checks evaluate the latest goal. [hash=4a33fb2df5691191]

        Treat messages from the supervisor as task instructions.

    [02] <PERMISSIONS_INSTRUCTIONS>
02:message/developer:
    You are `/root`, the primary agent in a team of agents collaborating to fulfill the user's goals.

    At the start of your turn, you are the active agent.
    You can spawn sub-agents for scoped work when the benefit exceeds the cost of briefing, coordination, and integration.
    All agents in the team, including the agents that you can assign tasks to, are equally intelligent and capable, and have access to the same set of tools.

    You can use `spawn_agent` to create a new agent, `followup_task` to give an existing agent a new task an...message to a running agent without triggering a turn. [hash=7d40ff8b58977202]
    Keep the team small and give each agent a distinct outcome. Available concurrency is a ceiling, not a ta... for related work rather than spawning a replacement. [hash=91e840fce0bdc02c]
    <OMITTED 16 LINES; ~255 TOKENS; hash=11494f97b79ee64e>
    - All agents use the same current working directory.
    - As a result, edits made by one agent are immediately visible to all other agents.

    When calling `wait_agent`, prefer longer waits (minutes) to avoid busy polling.

    There are 257 available concurrency slots, meaning that up to 257 agents can be active at once, including you.

    Full-history forks (`fork_turns` omitted or `"all"`) inherit the parent model and reasoning effort and d...uctions; when doing so, set `fork_turns` to `"none"`. [hash=18ccf7e93ecabab9]
03:message/developer:
    <MULTI_AGENT_MODE>
04:message/user:
    <ENVIRONMENT_CONTEXT>
05:message/user:
    first manual turn
06:message/user:
    <COMPACTION_SUMMARY>
    FIRST_MANUAL_SUMMARY
07:message/user:
    second manual turn
08:message/assistant:
    SECOND_LARGE_REPLY
09:message/user:
    <SUMMARIZATION_PROMPT>

## Window 5 (after request 4: input diverged at item 01, settings changed (parallel_tool_calls, tools))
-- request 5 (turn) --
00:message/developer:
    <MODEL_INSTRUCTIONS>
01:message/user:
    first manual turn
02:message/developer[2]:
    [01] # You are the Root Agent

        You are the **root agent** in a multi-agent Codex session. Until you see `# You are a Subagent`, these i...es not authorize a child to subdivide its assignment. [hash=cb88b9e8dc0e07e4]

        ## Root Agent Responsibilities

        Your first job is to accomplish the user's goal. Relative to your subagents, you own their sequencing, i...inish the user's goal faster or with better evidence. [hash=d7b96d6582a4c596]

        <OMITTED 63 LINES; ~1523 TOKENS; hash=5f40ad9247a944e0>
        After creating the goal, begin working on the user's task immediately. The supervisor will only act afte...early. Do not try to prove the supervisor is working. [hash=db7120645eaedf65]

        Do not create supervisor substitutes with `spawn_agent`. If the user asks for a goal or goal supervisor, use `create_goal` or `/goal`.

        If the user gives instructions that materially change, extend, or add context to the long-running goal, ...so future supervisor checks evaluate the latest goal. [hash=4a33fb2df5691191]

        Treat messages from the supervisor as task instructions.

    [02] <PERMISSIONS_INSTRUCTIONS>
03:message/developer:
    You are `/root`, the primary agent in a team of agents collaborating to fulfill the user's goals.

    At the start of your turn, you are the active agent.
    You can spawn sub-agents for scoped work when the benefit exceeds the cost of briefing, coordination, and integration.
    All agents in the team, including the agents that you can assign tasks to, are equally intelligent and capable, and have access to the same set of tools.

    You can use `spawn_agent` to create a new agent, `followup_task` to give an existing agent a new task an...message to a running agent without triggering a turn. [hash=7d40ff8b58977202]
    Keep the team small and give each agent a distinct outcome. Available concurrency is a ceiling, not a ta... for related work rather than spawning a replacement. [hash=91e840fce0bdc02c]
    <OMITTED 16 LINES; ~255 TOKENS; hash=11494f97b79ee64e>
    - All agents use the same current working directory.
    - As a result, edits made by one agent are immediately visible to all other agents.

    When calling `wait_agent`, prefer longer waits (minutes) to avoid busy polling.

    There are 257 available concurrency slots, meaning that up to 257 agents can be active at once, including you.

    Full-history forks (`fork_turns` omitted or `"all"`) inherit the parent model and reasoning effort and d...uctions; when doing so, set `fork_turns` to `"none"`. [hash=18ccf7e93ecabab9]
04:message/developer:
    <MULTI_AGENT_MODE>
05:message/user:
    <ENVIRONMENT_CONTEXT>
06:message/user:
    second manual turn
07:message/user:
    <COMPACTION_SUMMARY>
    SECOND_MANUAL_SUMMARY
08:message/user:
    post compact follow-up
