---
source: core/tests/suite/compact_remote.rs
expression: "format_labeled_requests_snapshot(\"Remote manual /compact where remote compact output is compaction-only: follow-up layout uses the returned compaction item plus new user message.\",\n&[(\"Remote Compaction Request\", &compact_request),\n(\"Remote Post-Compaction History Layout\", follow_up_request),])"
---
Scenario: Remote manual /compact where remote compact output is compaction-only: follow-up layout uses the returned compaction item plus new user message.

## Remote Compaction Request
00:message/developer[2]:
    [01] # You are the Root Agent\n\nYou are the **root agent** in a mult...
    [02] <PERMISSIONS_INSTRUCTIONS>
01:message/developer:You are `/root`, the primary agent in a team of agents collabora...
02:message/developer:<multi_agent_mode>Proactive multi-agent delegation is active. An...
03:message/user:<ENVIRONMENT_CONTEXT:cwd=<CWD>>
04:message/user:hello remote compact
05:message/assistant:FIRST_REMOTE_REPLY

## Remote Post-Compaction History Layout
00:compaction:encrypted=true
01:message/developer[2]:
    [01] # You are the Root Agent\n\nYou are the **root agent** in a mult...
    [02] <PERMISSIONS_INSTRUCTIONS>
02:message/developer:You are `/root`, the primary agent in a team of agents collabora...
03:message/developer:<multi_agent_mode>Proactive multi-agent delegation is active. An...
04:message/user:<ENVIRONMENT_CONTEXT:cwd=<CWD>>
05:message/user:after compact
